============================= test session starts ==============================
platform darwin -- Python 3.13.2, pytest-8.3.5, pluggy-1.5.0 -- /Users/lightspeedtooblivion/Documents/SecureVideoSummarizer/backend/venv/bin/python
cachedir: .pytest_cache
rootdir: /Users/lightspeedtooblivion/Documents/SecureVideoSummarizer/backend
plugins: cov-6.0.0, mock-3.14.0
collecting ... collected 15 items

tests/test_audio_processing.py::TestAudioProcessing::test_convert_to_wav_enhanced PASSED [  6%]
tests/test_audio_processing.py::TestAudioProcessing::test_convert_to_wav_enhanced_error PASSED [ 13%]
tests/test_audio_processing.py::TestAudioProcessing::test_convert_to_wav_enhanced_timeout PASSED [ 20%]
tests/test_audio_processing.py::TestAudioProcessing::test_enhance_audio_for_transcription PASSED [ 26%]
tests/test_audio_processing.py::TestAudioProcessing::test_enhance_audio_for_transcription_error PASSED [ 33%]
tests/test_audio_processing.py::TestAudioProcessing::test_postprocess_summary PASSED [ 40%]
tests/test_audio_processing.py::TestAudioProcessing::test_preprocess_text PASSED [ 46%]
tests/test_audio_processing.py::TestAudioProcessing::test_process_audio_success PASSED [ 53%]
tests/test_audio_processing.py::TestAudioProcessing::test_process_audio_summarization_error PASSED [ 60%]
tests/test_audio_processing.py::TestAudioProcessing::test_process_audio_transcription_error PASSED [ 66%]
tests/test_audio_processing.py::TestAudioProcessing::test_process_audio_unexpected_error PASSED [ 73%]
tests/test_audio_processing.py::TestAudioProcessing::test_process_audio_validation_error PASSED [ 80%]
tests/test_audio_processing.py::TestAudioProcessing::test_transcribe_audio_enhanced PASSED [ 86%]
tests/test_audio_processing.py::TestAudioProcessing::test_transcribe_audio_enhanced_error PASSED [ 93%]
tests/test_audio_processing.py::TestAudioProcessing::test_validate_audio PASSED [100%]

=============================== warnings summary ===============================
venv/lib/python3.13/site-packages/speech_recognition/__init__.py:7
  /Users/lightspeedtooblivion/Documents/SecureVideoSummarizer/backend/venv/lib/python3.13/site-packages/speech_recognition/__init__.py:7: DeprecationWarning: aifc was removed in Python 3.13. Please be aware that you are currently NOT using standard 'aifc', but instead a separately installed 'standard-aifc'.
    import aifc

-- Docs: https://docs.pytest.org/en/stable/how-to/capture-warnings.html
======================== 15 passed, 1 warning in 2.68s =========================
